[    0.000000] Initializing cgroup subsys cpuset
[    0.000000] Initializing cgroup subsys cpu
[    0.000000] Initializing cgroup subsys cpuacct
[    0.000000] Linux version 4.4.0-127-generic (buildd@lcy01-amd64-023) (gcc version 5.4.0 20160609 (Ubuntu 5.4.0-6ubuntu1~16.04.9) ) #153-Ubuntu SMP Sat May 19 10:58:46 UTC 2018 (Ubuntu 4.4.0-127.153-generic 4.4.128)
[    0.000000] Command line: BOOT_IMAGE=/boot/vmlinuz-4.4.0-127-generic root=LABEL=cloudimg-rootfs ro console=tty1 console=ttyS0
[    0.000000] KERNEL supported cpus:
[    0.000000]   Intel GenuineIntel
[    0.000000]   AMD AuthenticAMD
[    0.000000]   Centaur CentaurHauls
[    0.000000] x86/fpu: xstate_offset[2]:  576, xstate_sizes[2]:  256
[    0.000000] x86/fpu: Supporting XSAVE feature 0x01: 'x87 floating point registers'
[    0.000000] x86/fpu: Supporting XSAVE feature 0x02: 'SSE registers'
[    0.000000] x86/fpu: Supporting XSAVE feature 0x04: 'AVX registers'
[    0.000000] x86/fpu: Enabled xstate features 0x7, context size is 832 bytes, using 'standard' format.
[    0.000000] x86/fpu: Using 'lazy' FPU context switches.
[    0.000000] e820: BIOS-provided physical RAM map:
[    0.000000] BIOS-e820: [mem 0x0000000000000000-0x000000000009fbff] usable
[    0.000000] BIOS-e820: [mem 0x000000000009fc00-0x000000000009ffff] reserved
[    0.000000] BIOS-e820: [mem 0x00000000000f0000-0x00000000000fffff] reserved
[    0.000000] BIOS-e820: [mem 0x0000000000100000-0x000000007ffeffff] usable
[    0.000000] BIOS-e820: [mem 0x000000007fff0000-0x000000007fffffff] ACPI data
[    0.000000] BIOS-e820: [mem 0x00000000fec00000-0x00000000fec00fff] reserved
[    0.000000] BIOS-e820: [mem 0x00000000fee00000-0x00000000fee00fff] reserved
[    0.000000] BIOS-e820: [mem 0x00000000fffc0000-0x00000000ffffffff] reserved
[    0.000000] NX (Execute Disable) protection: active
[    0.000000] SMBIOS 2.5 present.
[    0.000000] Hypervisor detected: KVM
[    0.000000] e820: last_pfn = 0x7fff0 max_arch_pfn = 0x400000000
[    0.000000] MTRR: Disabled
[    0.000000] x86/PAT: MTRRs disabled, skipping PAT initialization too.
[    0.000000] CPU MTRRs all blank - virtualized system.
[    0.000000] x86/PAT: Configuration [0-7]: WB  WT  UC- UC  WB  WT  UC- UC  
[    0.000000] found SMP MP-table at [mem 0x0009fff0-0x0009ffff] mapped at [ffff88000009fff0]
[    0.000000] Scanning 1 areas for low memory corruption
[    0.000000] RAMDISK: [mem 0x36aa6000-0x3754afff]
[    0.000000] ACPI: Early table checksum verification disabled
[    0.000000] ACPI: RSDP 0x00000000000E0000 000024 (v02 VBOX  )
[    0.000000] ACPI: XSDT 0x000000007FFF0030 00003C (v01 VBOX   VBOXXSDT 00000001 ASL  00000061)
[    0.000000] ACPI: FACP 0x000000007FFF00F0 0000F4 (v04 VBOX   VBOXFACP 00000001 ASL  00000061)
[    0.000000] ACPI: DSDT 0x000000007FFF0470 0021C8 (v02 VBOX   VBOXBIOS 00000002 INTL 20100528)
[    0.000000] ACPI: FACS 0x000000007FFF0200 000040
[    0.000000] ACPI: FACS 0x000000007FFF0200 000040
[    0.000000] ACPI: APIC 0x000000007FFF0240 00005C (v02 VBOX   VBOXAPIC 00000001 ASL  00000061)
[    0.000000] ACPI: SSDT 0x000000007FFF02A0 0001CC (v01 VBOX   VBOXCPUT 00000002 INTL 20100528)
[    0.000000] No NUMA configuration found
[    0.000000] Faking a node at [mem 0x0000000000000000-0x000000007ffeffff]
[    0.000000] NODE_DATA(0) allocated [mem 0x7ffeb000-0x7ffeffff]
[    0.000000] kvm-clock: Using msrs 4b564d01 and 4b564d00
[    0.000000] kvm-clock: cpu 0, msr 0:7ffe3001, primary cpu clock
[    0.000000] kvm-clock: using sched offset of 4633593847 cycles
[    0.000000] clocksource: kvm-clock: mask: 0xffffffffffffffff max_cycles: 0x1cd42e4dffb, max_idle_ns: 881590591483 ns
[    0.000000] Zone ranges:
[    0.000000]   DMA      [mem 0x0000000000001000-0x0000000000ffffff]
[    0.000000]   DMA32    [mem 0x0000000001000000-0x000000007ffeffff]
[    0.000000]   Normal   empty
[    0.000000]   Device   empty
[    0.000000] Movable zone start for each node
[    0.000000] Early memory node ranges
[    0.000000]   node   0: [mem 0x0000000000001000-0x000000000009efff]
[    0.000000]   node   0: [mem 0x0000000000100000-0x000000007ffeffff]
[    0.000000] Initmem setup node 0 [mem 0x0000000000001000-0x000000007ffeffff]
[    0.000000] ACPI: PM-Timer IO Port: 0x4008
[    0.000000] IOAPIC[0]: apic_id 2, version 32, address 0xfec00000, GSI 0-23
[    0.000000] ACPI: INT_SRC_OVR (bus 0 bus_irq 0 global_irq 2 dfl dfl)
[    0.000000] ACPI: INT_SRC_OVR (bus 0 bus_irq 9 global_irq 9 high level)
[    0.000000] Using ACPI (MADT) for SMP configuration information
[    0.000000] smpboot: Allowing 2 CPUs, 0 hotplug CPUs
[    0.000000] PM: Registered nosave memory: [mem 0x00000000-0x00000fff]
[    0.000000] PM: Registered nosave memory: [mem 0x0009f000-0x0009ffff]
[    0.000000] PM: Registered nosave memory: [mem 0x000a0000-0x000effff]
[    0.000000] PM: Registered nosave memory: [mem 0x000f0000-0x000fffff]
[    0.000000] e820: [mem 0x80000000-0xfebfffff] available for PCI devices
[    0.000000] Booting paravirtualized kernel on KVM
[    0.000000] clocksource: refined-jiffies: mask: 0xffffffff max_cycles: 0xffffffff, max_idle_ns: 7645519600211568 ns
[    0.000000] setup_percpu: NR_CPUS:512 nr_cpumask_bits:512 nr_cpu_ids:2 nr_node_ids:1
[    0.000000] PERCPU: Embedded 34 pages/cpu @ffff88007fc00000 s99544 r8192 d31528 u1048576
[    0.000000] PV qspinlock hash table entries: 256 (order: 0, 4096 bytes)
[    0.000000] Built 1 zonelists in Node order, mobility grouping on.  Total pages: 515960
[    0.000000] Policy zone: DMA32
[    0.000000] Kernel command line: BOOT_IMAGE=/boot/vmlinuz-4.4.0-127-generic root=LABEL=cloudimg-rootfs ro console=tty1 console=ttyS0
[    0.000000] PID hash table entries: 4096 (order: 3, 32768 bytes)
[    0.000000] Memory: 2033812K/2096696K available (8537K kernel code, 1313K rwdata, 4000K rodata, 1512K init, 1316K bss, 62884K reserved, 0K cma-reserved)
[    0.000000] SLUB: HWalign=64, Order=0-3, MinObjects=0, CPUs=2, Nodes=1
[    0.000000] Kernel/User page tables isolation: enabled
[    0.000000] Hierarchical RCU implementation.
[    0.000000] 	Build-time adjustment of leaf fanout to 64.
[    0.000000] 	RU restricting CPUs from NR_CPUS=512 to nr_cu_ids=2.
[    0.000000] RCU: Adjusting geometry for rcu_fanout_leaf=64, nr_cpu_ids=2
[    0.000000] NR_IRQS:33024 nr_irqs:440 16
[    0.000000] Console: colour VGA+ 80x25
[    0.000000] console [tty1] enabled
[    0.000000] console [ttyS0] enabled
[    0.000000] tsc: Detected 2494.30 MHz processor
[    1.779232] Calibrating delay loop (skipped) preset value.. 4988.46 BogoMIPS (lpj=9976920)
[    1.787379] pid_max: default: 32768 minimum: 301
[    1.824799] ACPI: Core revision 20150930
[    1.828213] ACPI: 2 ACPI AML tables successfully acquire and loaded
[    1.949637] Security Framework iitialized
[    1.975459] Yama: becoming mindful.
[   2.008922] AppArmor: AppArmor initialized
[    2.05836] Denry cache hash table entries: 262144 (order: , 2097152 bytes)
[    2175202] Inode-cache hash table entries: 13102 order: 8, 1048576 byttes)
[    2.290934] Mount-cache hash table entries: 4096 (order: 3, 32768 bytes)
[    2.309230] Mountpoint-cache hash table entries: 4096 (order: 3, 32768 bytes)
[    2.345764] Initializing cgroup subsys io
[    2.353202] Initializing cgroup subsys memory
[    2.370430] Initializing cgroup subsys devices
[    2.381602] Initializing cgroup subsys freezer
[    2.383423] Initializing cgroup subsys net_cls
[    2.403361] Initializing cgroup subsys perf_event
[    2.431199] Initializing cgroup subsys net_prio
[    2.471455] Initializing cgroup subsys hugetlb
[    2.473379] Initializing cgroup subsys pids
[    2.481021] CPU: Physical Processor ID: 0
[    2.489520] CPU: Processor Core ID: 0
[    2.500270] mce: CPU supports 0 MCE banks
[    2.505885] Last level iTLB entries: 4KB 1024, 2MB 1024, 4MB 1024
[    2.534545] Last level dTLB entries: 4KB 1024, 2MB 1024, 4MB 1024, 1GB 4
[    2.556797] Spectre V2 : Mitigation: Full generic retpoline
[    2.572396] Spectre V2 : Speculation control IBPB not-supported IBRS not-supported
[    2.583551] Speculative Store Bypass: Vulnerable
[    2.604040] Freeing SMP alternatives memory: 32K
[    2.658218] ftrace: allocating 32237 entries in 126 pages
[    2.818355] smpboot: APIC(0) Converting physical 0 to logical package 0
[    2.840555] smpboot: Max logical packages: 1
[    2.854510] x2apic enabled
[    2.856410] Switched APIC routing to physical x2apic.
[    2.860555] ..TIMER: vector=0x30 apic1=0 pin1=2 apic2=-1 pin2=-1
[    3.038941] APIC calibration not consistent with PM-Timer: 164ms instead of 100ms
[    3.089567] APIC delta adjusted to PM-Timer: 6249968 (10250584)
[    3.093068] smpboot: CPU0: Intel(R) Core(TM) i5-4300U CPU @ 1.90GHz (family: 0x6, model: 0x45, stepping: 0x1)
[    3.160885] Performance Events: unsupported p6 CPU model 69 no PMU driver, software events only.
[    3.192730] KVM setup paravirtual spinlock
[    3.211996] x86: Booting SMP configuration:
[    3.222643] .... node  #0, CPUs:      #1
[    3.258330] kvm-clock: cpu 1, msr 0:7ffe3041, secondary cpu clock
[    3.294841] mce: CPU supports 0 MCE banks
[    3.334361] x86: Booted up 1 node, 2 CPUs
[    3.352194] smpboot: Total of 2 processors activated (9976.92 BogoMIPS)
[    3.412103] devtmpfs: initialized
[    3.427759] evm: security.selinux
[    3.443029] evm: security.SMACK64
[    3.445352] evm: security.SMACK64EXEC
[    3.454810] evm: security.SMACK64TRANSMUTE
[    3.462156] evm: security.SMACK64MMAP
[    3.469569] evm: security.ima
[    3.484175] evm: security.capability
[    3.491997] clocksource: jiffies: mask: 0xffffffff max_cycles: 0xffffffff, max_idle_ns: 7645041785100000 ns
[    3.514245] futex hash table entries: 512 (order: 3, 32768 bytes)
[    3.541181] pinctrl core: initialized pinctrl subsystem
[    3.550621] RTC time:  0:49:53, date: 08/18/18
[    3.560865] NET: Registered protocol family 16
[    3.618963] cpuidle: using governor ladder
[    3.663033] cpuidle: using governor menu
[    3.704017] PCCT header not found.
[    3.720757] ACPI: bus type PCI registered
[    3.766999] acpiphp: ACPI Hot Plug PCI Controller Driver version: 0.5
[    3.920516] PCI: Using configuration type 1 for base access
[    3.936604] ACPI: Added _OSI(Module Device)
[    4.000964] ACPI: Added _OSI(Processor Device)
[    4.033086] ACPI: Added _OSI(3.0 _SCP Extensions)
[    4.047598] ACPI: Added _OSI(Processor Aggregator Device)
[    4.064061] ACPI: Executed 1 blocks of module-level executable AML code
[    4.086008] ACPI: Interpreter enabled
[    4.087632] ACPI: (supports S0 S5)
[    4.094704] ACPI: Using IOAPIC for interrupt routing
[    4.102087] PCI: Using host bridge windows from ACPI; if necessary, use "pci=nocrs" and report a bug
[    4.133909] ACPI: PCI Root Bridge [PCI0] (domain 0000 [bus 00-ff])
[    4.156641] acpi PNP0A03:00: _OSC: OS supports [ASPM ClockPM Segments MSI]
[    4.177784] acpi PNP0A03:00: _OSC failed (AE_NOT_FOUND); disabling ASPM
[    4.186049] acpi PNP0A03:00: fail to add MMCONFIG information, can't access extended PCI configuration space under this bridge.
[    4.193455] PCI host bridge to bus 0000:00
[    4.198168] pci_bus 0000:00: root bus resource [io  0x0000-0x0cf7 window]
[    4.207518] pci_bus 0000:00: root bus resource [io  0x0d00-0xffff window]
[    4.217444] pci_bus 0000:00: root bus resource [mem 0x000a0000-0x000bffff window]
[    4.234342] pci_bus 0000:00: root bus resource [mem 0x80000000-0xffdfffff window]
[    4.252574] pci_bus 0000:00: root bus resource [bus 00-ff]
[    4.285913] pci 0000:00:01.1: legacy IDE quirk: reg 0x10: [io  0x01f0-0x01f7]
[    4.325905] pci 0000:00:01.1: legacy IDE quirk: reg 0x14: [io  0x03f6]
[    4.334474] pci 0000:00:01.1: legacy IDE quirk: reg 0x18: [io  0x0170-0x0177]
[    4.355117] pci 0000:00:01.1: legacy IDE quirk: reg 0x1c: [io  0x0376]
[    4.423347] pci 0000:00:07.0: quirk: [io  0x4000-0x403f] claimed by PIIX4 ACPI
[    4.479023] pci 0000:00:07.0: quirk: [io  0x4100-0x410f] claimed by PIIX4 SMB
[    4.525378] ACPI: PCI Interrupt Link [LNKA] (IRQs 5 9 10 *11)
[    4.588827] ACPI: PCI Interrupt Link [LNKB] (IRQs 5 9 10 *11)
[    4.594095] ACPI: PCI Interrupt Link [LNKC] (IRQs 5 9 *10 11)
[    4.604498] ACPI: PCI Interrupt Link [LNKD] (IRQs 5 *9 10 11)
[    4.608089] ACPI: Enabled 2 GPEs in block 00 to 07
[    4.624840] vgaarb: setting as boot device: PCI:0000:00:02.0
[    4.660077] vgaarb: device added: PCI:0000:00:02.0,decodes=io+mem,owns=io+mem,locks=none
[    4.677186] vgaarb: loaded
[    4.702928] vgaarb: bridge control possible 0000:00:02.0
[    4.717221] SCSI subsystem initialized
[    4.731466] ACPI: bus type USB registered
[    4.732652] usbcore: registered new interface driver usbfs
[    4.734267] usbcore: registered new interface driver hub
[    4.735736] usbcore: registered new device driver usb
[    4.737701] PCI: Using ACPI for IRQ routing
[    4.766571] NetLabel: Initializing
[    4.781042] NetLabel:  domain hash size = 128
[    4.815738] NetLabel:  protocols = UNLABELED CIPSOv4
[    4.852956] NetLabel:  unlabeled traffic allowed by default
[    4.890906] amd_nb: Cannot enumerate AMD northbridges
[    4.908041] clocksource: Switched to clocksource kvm-clock
[    4.930210] AppArmor: AppArmor Filesystem Enabled
[    4.945888] pnp: PnP ACPI init
[    4.950327] pnp: PnP ACPI: found 3 devices
[    4.990760] clocksource: acpi_pm: mask: 0xffffff max_cycles: 0xffffff, max_idle_ns: 2085701024 ns
[    5.022730] NET: Registered protocol family 2
[    5.032276] TCP established hash table entries: 16384 (order: 5, 131072 bytes)
[    5.065794] TCP bind hash table entries: 16384 (order: 6, 262144 bytes)
[    5.094101] TCP: Hash tables configured (established 16384 bind 16384)
[    5.109208] UDP hash table entries: 1024 (order: 3, 32768 bytes)
[    5.119080] UDP-Lite hash table entries: 1024 (order: 3, 32768 bytes)
[    5.135679] NET: Registered protocol family 1
[    5.141687] pci 0000:00:00.0: Limiting direct PCI/PCI transfers
[    5.167330] pci 0000:00:01.0: Activating ISA DMA hang workarounds
[    5.172687] Unpacking initramfs...
[    8.284868] Freeing initrd memory: 10900K
[    8.287359] RAPL PMU detected, API unit is 2^-32 Joules, 4 fixed counters 10737418240 ms ovfl timer
[    8.293324] hw unit of domain pp0-core 2^-0 Joules
[    8.297718] hw unit of domain package 2^-0 Joules
[    8.298997] hw unit of domain dram 2^-0 Joules
[    8.300211] hw unit of domain pp1-gpu 2^-0 Joules
[    8.301461] platform rtc_cmos: registered platform RTC device (no PNP device found)
[    8.303458] Scanning for low memory corruption every 60 seconds
[    8.305487] audit: initializing netlink subsys (disabled)
[    8.309300] audit: type=2000 audit(1534553399.940:1): initialized
[    8.311139] Initialise system trusted keyring
[    8.315032] HugeTLB registered 2 MB page size, pre-allocated 0 pages
[    8.337588] zbud: loaded
[    8.341029] VFS: Disk quotas dquot_6.6.0
[    8.349396] VFS: Dquot-cache hash table entries: 512 (order 0, 4096 bytes)
[    8.359283] squashfs: version 4.0 (2009/01/31) Phillip Lougher
[    8.364714] fuse init (API version 7.23)
[    8.373018] Key type big_key registered
[    8.374227] Allocating IMA MOK and blacklist keyrings.
[    8.377379] Key type asymmetric registered
[    8.378504] Asymmetric key parser 'x509' registered
[    8.382711] Block layer SCSI generic (bsg) driver version 0.4 loaded (major 249)
[    8.390735] io scheduler noop registered
[    8.393184] io scheduler deadline registered (default)
[    8.408965] io scheduler cfq registered
[    8.423256] pci_hotplug: PCI Hot Plug PCI Core version: 0.5
[    8.434105] pciehp: PCI Express Hot Plug Controller Driver version: 0.4
[    8.446139] ACPI: AC Adapter [AC] (on-line)
[    8.452127] input: Power Button as /devices/LNXSYSTM:00/LNXPWRBN:00/input/input0
[    8.460814] ACPI: Power Button [PWRF]
[    8.467797] input: Sleep Button as /devices/LNXSYSTM:00/LNXSLPBN:00/input/input1
[    8.477218] ACPI: Sleep Button [SLPF]
[    8.481317] ACPI: Battery Slot [BAT0] (battery present)
[    8.485889] GHES: HEST is not enabled!
[    8.487301] Serial: 8250/16550 driver, 32 ports, IRQ sharing enabled
[    8.546225] 00:02: ttyS0 at I/O 0x3f8 (irq = 4, base_baud = 115200) is a 16550A
[    8.561870] Linux agpgart interface v0.103
[    8.582138] loop: module loaded
[    8.588350] scsi host0: ata_piix
[    8.592758] scsi host1: ata_piix
[    8.613481] ata1: PATA max UDMA/33 cmd 0x1f0 ctl 0x3f6 bmdma 0xd000 irq 14
[    8.626629] ata2: PATA max UDMA/33 cmd 0x170 ctl 0x376 bmdma 0xd008 irq 15
[    8.636439] libphy: Fixed MDIO Bus: probed
[    8.639708] tun: Universal TUN/TAP device driver, 1.6
[    8.656152] tun: (C) 1999-2004 Max Krasnyansky <maxk@qualcomm.com>
[    8.657889] PPP generic driver version 2.4.2
[    8.687840] ehci_hcd: USB 2.0 'Enhanced' Host Controller (EHCI) Driver
[    8.713208] ehci-pci: EHCI PCI platform driver
[    8.715641] ehci-platform: EHCI generic platform driver
[    8.744515] ohci_hcd: USB 1.1 'Open' Host Controller (OHCI) Driver
[    8.753129] ohci-pci: OHCI PCI platform driver
[    8.780065] ohci-platform: OHCI generic platform driver
[    8.785137] uhci_hcd: USB Universal Host Controller Interface driver
[    8.804194] i8042: PNP: PS/2 Controller [PNP0303:PS2K,PNP0f03:PS2M] at 0x60,0x64 irq 1,12
[    8.816471] serio: i8042 KBD port at 0x60,0x64 irq 1
[    8.846216] serio: i8042 AUX port at 0x60,0x64 irq 12
[    8.849667] mousedev: PS/2 mouse device common for all mice
[    8.866207] input: AT Translated Set 2 keyboard as /devices/platform/i8042/serio0/input/input2
[    8.869132] rtc_cmos rtc_cmos: rtc core: registered rtc_cmos as rtc0
[    8.872931] rtc_cmos rtc_cmos: alarms up to one day, 114 bytes nvram
[    8.874619] i2c /dev entries driver
[    8.875822] device-mapper: uevent: version 1.0.3
[    8.877180] device-mapper: ioctl: 4.34.0-ioctl (2015-10-28) initialised: dm-devel@redhat.com
[    8.885756] ledtrig-cpu: registered to indicate activity on CPUs
[    8.895580] NET: Registered protocol family 10
[    8.897219] NET: Registered protocol family 17
[    8.912516] Key type dns_resolver registered
[    8.923331] registered taskstats version 1
[    8.932509] Loading compiled-in X.509 certificates
[    8.936077] Loaded X.509 cert 'Build time autogenerated kernel key: 9f6f572a3ee0cb468eb8db4aa61815bc74ef6adb'
[    8.966712] zswap: loaded using pool lzo/zbud
[    8.974735] Key type trusted registered
[    9.008448] Key type encrypted registered
[    9.010947] AppArmor: AppArmor sha1 policy hashing enabled
[    9.022024] ima: No TPM chip found, activating TPM-bypass!
[    9.038885] evm: HMAC attrs: 0x1
[    9.042934]   Magic number: 14:149:810
[    9.048279] rtc_cmos rtc_cmos: setting system clock to 2018-08-18 00:49:58 UTC (1534553398)
[    9.059105] BIOS EDD facility v0.16 2004-Jun-25, 0 devices found
[    9.070915] EDD information not available.
[    9.081945] Freeing unused kernel memory: 1512K
[    9.104652] Write protecting the kernel read-only data: 14336k
[    9.128668] Freeing unused kernel memory: 1692K
[    9.142643] Freeing unused kernel memory: 96K
Loading, please wait...
starting version[    9.177685] random: systemd-udevd: uninitialized urandom read (16 bytes read, 3 bits of entropy available)
 229
[    9.178740] random: udevadm: uninitialized urandom read (16 bytes read, 3 bits of entropy available)
[    9.178774] random: udevadm: uninitialized urandom read (16 bytes read, 3 bits of entropy available)
[    9.196764] random: udevadm: uninitialized urandom read (16 bytes read, 3 bits of entropy available)
[    9.196838] random: udevadm: uninitialized urandom read (16 bytes read, 3 bits of entropy available)
[    9.197121] random: udevadm: uninitialized urandom read (16 bytes read, 3 bits of entropy available)
[    9.197217] random: udevadm: uninitialized urandom read (16 bytes read, 3 bits of entropy available)
[    9.197310] random: udevadm: uninitialized urandom read (16 bytes read, 3 bits of entropy available)
[    9.197406] random: udevadm: uninitialized urandom read (16 bytes read, 3 bits of entropy available)
[    9.197644] random: udevadm: uninitialized urandom read (16 bytes read, 3 bits of entropy available)
[    9.433591] tsc: Refined TSC clocksource calibration: 2494.333 MHz
[    9.446227] clocksource: tsc: mask: 0xffffffffffffffff max_cycles: 0x23f45085418, max_idle_ns: 440795285711 ns
[    9.506644] e1000: Intel(R) PRO/1000 Network Driver - version 7.3.21-k8-NAPI
[    9.511351] e1000: Copyright (c) 1999-2006 Intel Corporation.
[    9.527338] Fusion MPT base driver 3.04.20
[    9.554702] Copyright (c) 1999-2008 LSI Corporation
[    9.570824] Fusion MPT SPI Host driver 3.04.20
[    9.659423] AVX version of gcm_enc/dec engaged.
[    9.662520] AES CTR mode by8 optimization enabled
[    9.769874] input: ImExPS/2 Generic Explorer Mouse as /devices/platform/i8042/serio1/input/input4
[   10.118280] e1000 0000:00:03.0 eth0: (PCI:33MHz:32-bit) 02:8b:bc:1c:8c:d0
[   10.120367] e1000 0000:00:03.0 eth0: Intel(R) PRO/1000 Network Connection
[   10.124600] mptbase: ioc0: Initiating bringup
[   10.208369] ioc0: LSI53C1030 A0: Capabilities={Initiator}
[   10.403120] scsi host2: ioc0: LSI53C1030 A0, FwRev=00000000h, Ports=1, MaxQ=256, IRQ=20
[   10.558531] scsi 2:0:0:0: Direct-Access     VBOX     HARDDISK         1.0  PQ: 0 ANSI: 5
[   10.604013] scsi target2:0:0: Beginning Domain Validation
[   10.638536] scsi target2:0:0: Domain Validation skipping write tests
[   10.680582] scsi target2:0:0: Ending Domain Validation
[   10.683877] scsi target2:0:0: asynchronous
[   10.735564] scsi 2:0:1:0: Direct-Access     VBOX     HARDDISK         1.0  PQ: 0 ANSI: 5
[   10.753215] scsi target2:0:1: Beginning Domain Validation
[   10.809619] scsi target2:0:1: Domain Validation skipping write tests
[   10.855196] scsi target2:0:1: Ending Domain Validation
[   10.860908] scsi target2:0:1: asynchronous
[   10.905374] sd 2:0:0:0: Attached scsi generic sg0 type 0
[   10.951760] sd 2:0:0:0: [sda] 20971520 512-byte logical blocks: (10.7 GB/10.0 GiB)
[   10.966125] sd 2:0:1:0: Attached scsi generic sg1 type 0
[   11.009204] sd 2:0:1:0: [sdb] 20480 512-byte logical blocks: (10.5 MB/10.0 MiB)
[   11.017637] sd 2:0:0:0: [sda] Write Protect is off
[   11.090775] sd 2:0:0:0: [sda] Incomplete mode parameter data
[   11.154697] sd 2:0:0:0: [sda] Assuming drive cache: write through
[   11.178214] sd 2:0:1:0: [sdb] Write Protect is off
[   11.248065] sd 2:0:1:0: [sdb] Incomplete mode parameter data
[   11.294367] sd 2:0:1:0: [sdb] Assuming drive cache: write through
[   11.334756]  sda: sda1
[   11.360296] sd 2:0:0:0: [sda] Attached SCSI disk
[   11.380004] sd 2:0:1:0: [sdb] Attached SCSI disk
[   11.480002] e1000 0000:00:08.0 eth1: (PCI:33MHz:32-bit) 08:00:27:72:7d:4f
[   11.483743] e1000 0000:00:08.0 eth1: Intel(R) PRO/1000 Network Connection
[   11.496446] e1000 0000:00:03.0 enp0s3: renamed from eth0
[   11.504401] e1000 0000:00:08.0 enp0s8: renamed from eth1
Begin: Loading essential drivers ... [   13.163765] md: linear personality registered for level -1
[   13.174957] md: multipath personality registered for level -4
[   13.222117] md: raid0 personality registered for level 0
[   13.278685] md: raid1 personality registered for level 1
[   13.396624] raid6: sse2x1   gen()  3856 MB/s
[   13.476296] raid6: sse2x1   xor()  2258 MB/s
[   13.548453] raid6: sse2x2   gen()  3952 MB/s
[   13.624430] raid6: sse2x2   xor()  3082 MB/s
[   13.692375] raid6: sse2x4   gen()  3051 MB/s
[   13.784066] raid6: sse2x4   xor()  3778 MB/s
[   13.789992] raid6: using algorithm sse2x2 gen() 3952 MB/s
[   13.796303] raid6: .... xor() 3082 MB/s, rmw enabled
[   13.805584] raid6: using ssse3x2 recovery algorithm
[   13.813127] xor: automatically using best checksumming function:
[   13.904135]    avx       : 10486.000 MB/sec
[   13.924291] async_tx: api initialized (async)
[   14.001891] md: raid6 personality registered for level 6
[   14.052458] md: raid5 personality registered for level 5
[   14.058842] md: raid4 personality registered for level 4
[   14.116536] md: raid10 personality registered for level 10
done.
Begin: Running /scripts/init-premount ... done.
Begin: Mounting root file system ... Begin: Running /scripts/local-top ... done.
Begin: Running /scripts/local-premount ... [   14.184036] Btrfs loaded
Scanning for Btrfs filesystems
done.
Warning: fsck not present, so sk[   14.255178] EXT4-fs (sda1): INFO: recovery required on readonly filesystem
ipping root file system
[   14.294976] EXT4-fs (sda1): write access will be enabled during recovery
[   14.389372] EXT4-fs (sda1): recovery complete
[   14.418985] EXT4-fs (sda1): mounted filesystem with ordered data mode. Opts: (null)
done.
Begin: Running /scripts/local-bottom ... done.
Begin: Running /scripts/init-bottom ... done.
[   14.703853] systemd[1]: systemd 229 running in system mode. (+PAM +AUDIT +SELINUX +IMA +APPARMOR +SMACK +SYSVINIT +UTMP +LIBCRYPTSETUP +GCRYPT +GNUTLS +ACL +XZ -LZ4 +SECCOMP +BLKID +ELFUTILS +KMOD -IDN)
[   14.755833] systemd[1]: Detected virtualization oracle.
[   14.768866] systemd[1]: Detected architecture x86-64.

Welcome to [1mUbuntu 16.04.4 LTS[0m!

[   14.877157] systemd[1]: Set hostname to <net1mc4>.
[   15.353227] systemd[1]: Reached target Swap.
[[0;32m  OK  [0m] Reached target Swap.
[   15.394792] systemd[1]: Started Forward Password Requests to Wall Directory Watch.
[[0;32m  OK  [0m] Started Forward Password Requests to Wall Directory Watch.
[   15.432520] systemd[1]: Listening on LVM2 poll daemon socket.
[[0;32m  OK  [0m] Listening on LVM2 poll daemon socket.
[   15.505955] systemd[1]: Reached target User and Group Name Lookups.
[[0;32m  OK  [0m] Reached target User and Group Name Lookups.
[   15.601288] systemd[1]: Started Trigger resolvconf update for networkd DNS.
[[0;32m  OK  [0m] Started Trigger resolvconf update for networkd DNS.
[   15.648607] systemd[1]: Reached target System Time Synchronized.
[[0;32m  OK  [0m] Reached target System Time Synchronized.
[   15.737259] systemd[1]: Created slice User and Session Slice.
[[0;32m  OK  [0m] Created slice User and Session Slice.
[   15.868953] systemd[1]: Listening on Device-mapper event daemon FIFOs.
[[0;32m  OK  [0m] Listening on Device-mapper event daemon FIFOs.
[   15.968626] systemd[1]: Listening on udev Kernel Socket.
[[0;32m  OK  [0m] Listening on udev Kernel Socket.
[   15.990378] systemd[1]: Listening on Syslog Socket.
[[0;32m  OK  [0m] Listening on Syslog Socket.
[   16.028724] systemd[1]: Listening on Journal Socket (/dev/log).
[[0;32m  OK  [0m] Listening on Journal Socket (/dev/log).
[   16.042027] systemd[1]: Set up automount Arbitrary Executable File Formats File System Automount Point.
[[0;32m  OK  [0m] Set up automount Arbitrary Executab...ats File System Automount Point.
[   16.080472] systemd[1]: Listening on LVM2 metadata daemon socket.
[[0;32m  OK  [0m] Listening on LVM2 metadata daemon socket.
[   16.137847] systemd[1]: Created slice System Slice.
[[0;32m  OK  [0m] Created slice System Slice.
[   16.212896] systemd[1]: Listening on udev Control Socket.
[[0;32m  OK  [0m] Listening on udev Control Socket.
[   16.261131] systemd[1]: Reached target Slices.
[[0;32m  OK  [0m] Reached target Slices.
[   16.284100] systemd[1]: Listening on Journal Audit Socket.
[[0;32m  OK  [0m] Listening on Journal Audit Socket.
[   16.301327] systemd[1]: Listening on /dev/initctl Compatibility Named Pipe.
[[0;32m  OK  [0m] Listening on /dev/initctl Compatibility Named Pipe.
[   16.320711] systemd[1]: Listening on Journal Socket.
[[0;32m  OK  [0m] Listening on Journal Socket.
[   16.368213] systemd[1]: Mounting Huge Pages File System...
[   16.381805] random: nonblocking pool is initialized
         Mounting Huge Pages File System...
[   16.386522] systemd[1]: Starting Monitoring of LVM2 mirrors, snapshots etc. using dmeventd or progress polling...
         Starting Monitoring of LVM2 mirrors... dmeventd or progress polling...
[   16.436772] systemd[1]: Starting Journal Service...
         Starting Journal Service...
[   16.500569] systemd[1]: Starting Uncomplicated firewall...
         Starting Uncomplicated firewall...
[   16.524499] systemd[1]: Mounting Debug File System...
         Mounting Debug File System...
[   16.541861] systemd[1]: Starting Remount Root and Kernel File Systems...
[   16.547219] EXT4-fs (sda1): re-mounted. Opts: (null)
         Starting Remount Root and Kernel File Systems...
[   16.571842] systemd[1]: Mounting POSIX Message Queue File System...
         Mounting POSIX Message Queue File System...
[   16.587602] systemd[1]: Starting Load Kernel Modules...
         Starting Load Kernel Modules...
[   16.597249] systemd[1]: Starting Create list of required static device nodes for the current kernel...
         Startin[   16.605699] Loading iSCSI transport class v2.0-870.
g Create list of required st... nodes for the current kernel...[   16.649265] iscsi: registered transport (tcp)

[   16.652885] systemd[1]: Starting Set console keymap...
         Starting Set console keymap...
[   16.659517] systemd[1]: Starting Nameserver information manager...
         Starting Nameserver information manager...
[   16.667023] systemd[1]: Created slice system-serial\x2dgetty.slice.
[[0;32m  OK  [0m] Created slice system-serial\x2dgetty.slice.
[   16.686605] systemd[1]: Reached target Encrypted Volumes.
[[0;32m  OK  [0m] Reached target Encrypted Volumes.
[   16.728202] iscsi: registered transport (iser)
[   16.770697] systemd[1]: Mounted Huge Pages File System.
[[0;32m  OK  [0m] Mounted Huge Pages File System.
[   16.808783] systemd[1]: Mounted Debug File System.
[[0;32m  OK  [0m] Mounted Debug File System.
[   16.819537] systemd[1]: Mounted POSIX Message Queue File System.
[[0;32m  OK  [0m] Mounted POSIX Message Queue File System.
[   16.852754] systemd[1]: Started Journal Service.
[[0;32m  OK  [0m] Started Journal Service.
[[0;32m  OK  [0m] Started Uncomplicated firewall.
[[0;32m  OK  [0m] Started Remount Root and Kernel File Systems.
[[0;32m  OK  [0m] Started Load Kernel Modules.
[[0;32m  OK  [0m] Started Create list of required sta...ce nodes for the current kernel.
[[0;32m  OK  [0m] Started Set console keymap.
[[0;32m  OK  [0m] Started Nameserver information manager.
[[0;32m  OK  [0m] Started LVM2 metadata daemon.
         Starting Create Static Device Nodes in /dev...
         Mounting FUSE Control File System...
         Starting Apply Kernel Variables...
         Starting udev Coldplug all Devices...
         Starting Load/Save Random Seed...
         Starting Flush Journal to Persistent Storage...
[[0;32m  OK  [0m] Mounted FUSE Control File System.
[[0;32m  OK  [0m] Started Monitoring of LVM2 mirrors,...ng dmeventd or progress polling.
[[0;32m  OK  [0m] Started Create Static Device Nodes in /dev.
[[0;32m  OK  [0m] Started Apply Kernel Variables.
[[0;32m  OK  [0m] Started Load/Save Random Seed.
[[0;32m  OK  [0m] Started udev Coldplug all Devices.
[[0;32m  OK  [0m] Started Flush Journal to Persistent Storage.
         Starting udev Kernel Device Manager...
[[0;32m  OK  [0m] Started udev Kernel Device Manager.
[[0;32m  OK  [0m] Reached target Local File Systems (Pre).
[[0;32m  OK  [0m] Reached target Local File Systems.
         Starting Create Volatile Files and Directories...
         Starting Set console font and keymap...
         Starting LSB: AppArmor initialization...
         Starting Tell Plymouth To Write Out Runtime Data...
         Starting Initial cloud-init job (pre-networking)...
[[0;32m  OK  [0m] Started Dispatch Password Requests to Console Directory Watch.
[[0;32m  OK  [0m] Started Create Volatile Files and Directories.
[[0;32m  OK  [0m] Started Tell Plymouth To Write Out Runtime Data.
[[0;32m  OK  [0m] Found device /dev/ttyS0.
[[0;32m  OK  [0m] Started LSB: AppArmor initialization.
[[0;32m  OK  [0m] Listening on Load/Save RF Kill Switch Status /dev/rfkill Watch.
         Starting Update UTMP about System Boot/Shutdown...
[[0;32m  OK  [0m] Found device 82540EM Gigabit Ethern...r (PRO/1000 MT Desktop Adapter).
[[0;32m  OK  [0m] Started Update UTMP about System Boot/Shutdown.
[[0;32m  OK  [0m] Started Set console font and keymap.
[[0;32m  OK  [0m] Created slice system-getty.slice.
[   17.046533] cloud-init[613]: Cloud-init v. 18.2 running 'init-local' at Sat, 18 Aug 2018 00:50:09 +0000. Up 16.25 seconds.
[[0;32m  OK  [0m] Started Initial cloud-init job (pre-networking).
[[0;32m  OK  [0m] Reached target Network (Pre).
[[0;32m  OK  [0m] Started ifup for enp0s3.
[[0;32m  OK  [0m] Started ifup for enp0s8.
         Starting Raise network interfaces...
[[0;32m  OK  [0m] Started Raise network interfaces.
[[0;32m  OK  [0m] Reached target Network.
         Starting Initial cloud-init job (metadata service crawler)...
[   19.122175] cloud-init[1047]: Cloud-init v. 18.2 running 'init' at Sat, 18 Aug 2018 00:50:11 +0000. Up 18.38 seconds.
[   19.216874] cloud-init[1047]: ci-info: ++++++++++++++++++++++++++++++++++++++Net device info++++++++++++++++++++++++++++++++++++++
[   19.250922] cloud-init[1047]: ci-info: +--------+------+-----------------------------+---------------+-------+-------------------+
[   19.300566] cloud-init[1047]: ci-info: | Device |  Up  |           Address           |      Mask     | Scope |     Hw-Address    |
[[0;32m  OK  [0m] Started Initial cloud-init job (metadata service crawler).
[[0;32m  OK  [0m] Reached target System Initialization.
[   19.495564] cloud-init[1047]: ci-info: +--------+------+-----------------------------+---------------+-------+-------------------+
[   19.730283] [cloud-init[0;32m  OK  [0m[1047]: ] ci-info: | enp0s3 | True |          10.0.2.15          | 255.255.255.0 |   .   | 02:8b:bc:1c:8c:d0 |Started Daily apt download activities.

[   19.803960] [cloud-init[0;32m  OK  [0m[1047]: ] ci-info: | enp0s3 | True |  fe80::8b:bcff:fe1c:8cd0/64 |       .       |  link | 02:8b:bc:1c:8c:d0 |Listening on UUID daemon activation socket.

[   19.804644] [cloud-init[0;32m  OK  [0m[1047]: ] ci-info: | enp0s8 | True |        192.168.10.15        | 255.255.255.0 |   .   | 08:00:27:72:7d:4f |Started Daily apt upgrade and clean activities.

[   20.056829]          cloud-initStarting Socket activation for snappy daemon.[1047]: 
ci-info: | enp0s8 | True | fe80::a00:27ff:fe72:7d4f/64 |       .       |  link | 08:00:27:72:7d:4f |
[   20.208537] [cloud-init[0;32m  OK  [0m[1047]: ] ci-info: |   lo   | True |          127.0.0.1          |   255.0.0.0   |   .   |         .         |Listening on D-Bus System Message Bus Socket.

[   20.209198] cloud-init[1047]: ci-info: |   lo   | True |           ::1/128           |       .       |  host |         .         |
[   20.382368] [cloud-init[0;32m  OK  [0m[1047]: ] ci-info: +--------+------+-----------------------------+---------------+-------+-------------------+Started ACPI Events Check.

[   20.383024] [cloud-init[0;32m  OK  [0m[1047]: ] ci-info: ++++++++++++++++++++++++++++Route IPv4 info++++++++++++++++++++++++++++Reached target Paths.

[   20.402035] [cloud-init[1047]: ci-info: +-------+--------------+----------+---------------+-----------+-------+[0;32m  OK  [0m
] Started Daily Cleanup of Temporary Directories.
[   20.429438] [cloud-init[0;32m  OK  [0m[1047]: ] ci-info: | Route | Destination  | Gateway  |    Genmask    | Interface | Flags |Reached target Timers.

[[0;32m  OK  [0m] Listening on ACPID Listen Socket.
[   20.547965] cloud-init[1047]: ci-info: +-------+--------------+----------+---------------+-----------+-------+
[   20.554781]          cloud-initStarting Docker Socket for the API.[1047]: 
ci-info: |   0   |   0.0.0.0    | 10.0.2.2 |    0.0.0.0    |   enp0s3  |   UG  |
[   20.573232]          cloud-initStarting LXD - unix socket.[1047]: 
ci-info: |   1   |   10.0.2.0   | 0.0.0.0  | 255.255.255.0 |   enp0s3  |   U   |
[   20.573807] [cloud-init[0;32m  OK  [0m[1047]: ] ci-info: |   2   | 192.168.10.0 | 0.0.0.0  | 255.255.255.0 |   enp0s8  |   U   |Reached target Network is Online.

[   20.633089] cloud-init[1047]: ci-info: +-------+--------------+----------+---------------+-----------+-------+
         Starting iSCSI initiator daemon (iscsid)...
[[0;32m  OK  [0m] Reached target Cloud-config availability.
[[0;32m  OK  [0m] Listening on Socket activation for snappy daemon.
[[0;32m  OK  [0m] Listening on Docker Socket for the API.
[[0;32m  OK  [0m] Listening on LXD - unix socket.
[[0;32m  OK  [0m] Reached target Sockets.
[[0;32m  OK  [0m] Reached target Basic System.
         Starting Virtualbox guest utils...
         Starting Login Service...
[[0;32m  OK  [0m] Started ACPI event daemon.
         Starting OpenBSD Secure Shell server...
         Starting Apply the settings specified in cloud-config...
         Starting LSB: Record successful boot for GRUB...
[[0;32m  OK  [0m] Started FUSE filesystem for LXC.
         Starting System Logging Service...
         Starting Accounts Service...
[[0;32m  OK  [0m] Started Regular background program processing daemon.
         Starting LSB: MD monitoring daemon...
[[0;32m  OK  [0m] Started Unattended Upgrades Shutdown.
[[0;32m  OK  [0m] Started D-Bus System Message Bus.
         Starting LXD - container startup/shutdown...
         Starting /etc/rc.local Compatibility...
[[0;32m  OK  [0m] Started Deferred execution scheduler.
         Starting Docker Application Container Engine...
         Starting Snappy daemon...
[[0;32m  OK  [0m] Started OpenBSD Secure Shell server.
[[0;32m  OK  [0m] Started System Logging Service.
[[0;32m  OK  [0m] Started iSCSI initiator daemon (iscsid).
[[0;32m  OK  [0m] Started LXD - container startup/shutdown.
[[0;32m  OK  [0m] Started /etc/rc.local Compatibility.
[[0;32m  OK  [0m] Started Snappy daemon.
[   22.476085] cloud-init[1115]: Cloud-init v. 18.2 running 'modules:config' at Sat, 18 Aug 2018 00:50:15 +0000. Up 22.13 seconds.
[[0;32m  OK  [0m] Started LSB: Record successful boot for GRUB.
[[0;32m  OK  [0m] Started Apply the settings specified in cloud-config.
[[0;32m  OK  [0m] Started LSB: MD monitoring daemon.
[[0;32m  OK  [0m] Started Virtualbox guest utils.
[[0;32m  OK  [0m] Started Login Service.
         Starting Authenticate and Authorize Users to Run Privileged Tasks...
         Starting Login to default iSCSI targets...
[[0;32m  OK  [0m] Started Authenticate and Authorize Users to Run Privileged Tasks.
[[0;32m  OK  [0m] Started Accounts Service.
[[0;32m  OK  [0m] Started Login to default iSCSI targets.
[[0;32m  OK  [0m] Reached target Remote File Systems (Pre).
[[0;32m  OK  [0m] Reached target Remote File Systems.
         Starting LSB: Set the CPU Frequency Scaling governor to "ondemand"...
         Starting LSB: daemon to balance interrupts for SMP systems...
         Starting Permit User Sessions...
         Starting LSB: Set up cgroupfs mounts....
         Starting LSB: automatic crash report generation...
[[0;32m  OK  [0m] Started Permit User Sessions.
[[0;32m  OK  [0m] Started LSB: Set up cgroupfs mounts..
[[0;32m  OK  [0m] Started LSB: Set the CPU Frequency Scaling governor to "ondemand".
[[0;32m  OK  [0m] Started LSB: daemon to balance interrupts for SMP systems.
         Starting Terminate Plymouth Boot Screen...
         Starting Hold until boot process finishes up...
[[0;32m  OK  [0m] Started LSB: automatic crash report generation.
[[0;32m  OK  [0m] Started Terminate Plymouth Boot Screen.
[[0;32m  OK  [0m] Started Hold until boot process finishes up.
[[0;32m  OK  [0m] Started Getty on tty1.
         Starting Set console scheme...
[[0;32m  OK  [0m] Started Serial Getty on ttyS0.
[[0;32m  OK  [0m] Reached target Login Prompts.
[[0;32m  OK  [0m] Started Docker Application Container Engine.
[[0;32m  OK  [0m] Started Set console scheme.
[[0;32m  OK  [0m] Reached target Multi-User System.
         Starting Execute cloud user/final scripts...
[[0;32m  OK  [0m] Reached target Graphical Interface.
         Starting Update UTMP about System Runlevel Changes...
[[0;32m  OK  [0m] Started Update UTMP about System Runlevel Changes.
[   24.616011] cloud-init[1500]: Cloud-init v. 18.2 running 'modules:final' at Sat, 18 Aug 2018 00:50:18 +0000. Up 24.44 seconds.
[   24.670803] [cloud-init[0;32m  OK  [0m[1500]: ] Cloud-init v. 18.2 finished at Sat, 18 Aug 2018 00:50:18 +0000. Datasource DataSourceNoCloud [seed=/dev/sdb][dsmode=net].  Up 24.60 secondsStarted Execute cloud user/final scripts.

         Starting Daily apt download activities...
[[0;32m  OK  [0m] Reached target Cloud-init target.

Ubuntu 16.04.4 LTS net1mc4 ttyS0

net1mc4 login:      Starting Daily apt download activities...

Ubuntu 16.04.4 LTS net1mc3 ttyS0

net1mc3 login: t1mc1 ttyS0

net1mc1 login: 